.\gradlew : WARNING: A restricted method in java.lang.System has been called
At line:1 char:1
+ .\gradlew :app:compileDebugKotlin 2>&1 | Out-File -FilePath "build_er ...
+ ~~~~~~~~~~~~~~~~~~~~~~~~~~~~~~~~~~~~~~
    + CategoryInfo          : NotSpecified: (WARNING: A rest...has been called:String) [], RemoteException
    + FullyQualifiedErrorId : NativeCommandError
 
WARNING: java.lang.System::load has been called by net.rubygrapefruit.platform.internal.NativeLibraryLoader in an 
unnamed module (file:/C:/Users/rahul/.gradle/wrapper/dists/gradle-8.7-bin/bhs2wmbdwecv87pi65oeuq5iu/gradle-8.7/lib/nati
ve-platform-0.22-milestone-25.jar)
WARNING: Use --enable-native-access=ALL-UNNAMED to avoid a warning for callers in this module
WARNING: Restricted methods will be blocked in a future release unless native access is enabled

Starting a Gradle Daemon, 3 busy and 1 incompatible and 4 stopped Daemons could not be reused, use --status for details
> Task :app:checkKotlinGradlePluginConfigurationErrors
> Task :app:preBuild UP-TO-DATE
> Task :app:preDebugBuild UP-TO-DATE
> Task :core:preBuild UP-TO-DATE
> Task :core:preDebugBuild UP-TO-DATE
> Task :core:writeDebugAarMetadata UP-TO-DATE
> Task :app:checkDebugAarMetadata UP-TO-DATE
> Task :app:generateDebugResValues UP-TO-DATE
> Task :core:generateDebugResValues UP-TO-DATE
> Task :core:generateDebugResources UP-TO-DATE
> Task :core:packageDebugResources UP-TO-DATE
> Task :app:mapDebugSourceSetPaths UP-TO-DATE
> Task :app:generateDebugResources UP-TO-DATE
> Task :app:mergeDebugResources UP-TO-DATE
> Task :app:packageDebugResources UP-TO-DATE
> Task :app:parseDebugLocalResources UP-TO-DATE
> Task :app:createDebugCompatibleScreenManifests UP-TO-DATE
> Task :app:extractDeepLinksDebug UP-TO-DATE
> Task :core:extractDeepLinksDebug UP-TO-DATE
> Task :core:processDebugManifest UP-TO-DATE
> Task :app:processDebugMainManifest UP-TO-DATE
> Task :app:processDebugManifest UP-TO-DATE
> Task :app:processDebugManifestForPackage UP-TO-DATE
> Task :core:compileDebugLibraryResources UP-TO-DATE
> Task :core:parseDebugLocalResources UP-TO-DATE
> Task :core:generateDebugRFile UP-TO-DATE
> Task :app:processDebugResources UP-TO-DATE
> Task :core:checkKotlinGradlePluginConfigurationErrors
> Task :core:compileDebugKotlin UP-TO-DATE
> Task :core:javaPreCompileDebug UP-TO-DATE
> Task :core:compileDebugJavaWithJavac NO-SOURCE
> Task :core:bundleLibCompileToJarDebug UP-TO-DATE

> Task :app:compileDebugKotlin
e: file:///D:/code%20mix%20android%20tv/Android%20tv/app/src/main/java/com/mplayer/videoplayer/mobile/ui/screen/home/Fo
lderVideosScreen.kt:387:27 Unresolved reference: duration
e: file:///D:/code%20mix%20android%20tv/Android%20tv/app/src/main/java/com/mplayer/videoplayer/mobile/ui/screen/home/Fo
lderVideosScreen.kt:389:58 Unresolved reference: duration
e: file:///D:/code%20mix%20android%20tv/Android%20tv/app/src/main/java/com/mplayer/videoplayer/tv/ui/screen/browse/TvBr
owseScreen.kt:593:30 Unresolved reference: duration
e: file:///D:/code%20mix%20android%20tv/Android%20tv/app/src/main/java/com/mplayer/videoplayer/tv/ui/screen/browse/TvBr
owseScreen.kt:593:70 Unresolved reference: duration
e: file:///D:/code%20mix%20android%20tv/Android%20tv/app/src/main/java/com/mplayer/videoplayer/tv/ui/screen/browse/TvBr
owseScreen.kt:651:30 Unresolved reference: duration
e: file:///D:/code%20mix%20android%20tv/Android%20tv/app/src/main/java/com/mplayer/videoplayer/tv/ui/screen/browse/TvBr
owseScreen.kt:651:70 Unresolved reference: duration

> Task :app:compileDebugKotlin FAILED

FAILURE: Build failed with an exception.

* What went wrong:
Execution failed for task ':app:compileDebugKotlin'.
> A failure occurred while executing 
org.jetbrains.kotlin.compilerRunner.GradleCompilerRunnerWithWorkers$GradleKotlinCompilerWorkAction
   > Compilation error. See log for more details

* Try:
> Run with --stacktrace option to get the stack trace.
> Run with --info or --debug option to get more log output.
> Run with --scan to get full insights.
> Get more help at https://help.gradle.org.

BUILD FAILED in 50s
28 actionable tasks: 3 executed, 25 up-to-date
